[2026-01-30 23:10:34,552] [BLOQUE C] [INFO] Repositorio IA: index.json no encontrado, iniciando repositorio vacÝo.
2026-01-30 23:10:34,597 [INFO] MeteoSer backend inicializado correctamente.
INFO:     Started server process [25364]
INFO:     Waiting for application startup.
[WARNING] AutoSensorDiscovery: TLS habilitado pero no se encontr¾ METEOSER_MQTT_TLS_CA; usando CA del sistema
2026-01-30 23:10:34,624 [WARNING] TLS habilitado pero no se encontr¾ METEOSER_MQTT_TLS_CA; usando CA del sistema
[INFO] AutoSensorDiscovery: MQTT TLS habilitado (ca=system, mutual=False)
2026-01-30 23:10:34,663 [INFO] MQTT TLS habilitado (ca=system, mutual=False)
INFO:     Application startup complete.
INFO:     Uvicorn running on http://0.0.0.0:8080 (Press CTRL+C to quit)
[DEBUG] AutoSensorDiscovery: mDNS BadTypeInNameException:  (service_type=_services._dns-sd._udp.local., name=_spotify-connect._tcp.local.)
2026-01-30 23:10:35,122 [DEBUG] mDNS BadTypeInNameException:  (service_type=_services._dns-sd._udp.local., name=_spotify-connect._tcp.local.)
[DEBUG] AutoSensorDiscovery: mDNS BadTypeInNameException:  (service_type=_services._dns-sd._udp.local., name=_FC9F5ED42C8A._tcp.local.)
2026-01-30 23:10:35,123 [DEBUG] mDNS BadTypeInNameException:  (service_type=_services._dns-sd._udp.local., name=_FC9F5ED42C8A._tcp.local.)
[DEBUG] AutoSensorDiscovery: mDNS BadTypeInNameException:  (service_type=_services._dns-sd._udp.local., name=_amzn-wplay._tcp.local.)
2026-01-30 23:10:35,127 [DEBUG] mDNS BadTypeInNameException:  (service_type=_services._dns-sd._udp.local., name=_amzn-wplay._tcp.local.)
[DEBUG] AutoSensorDiscovery: mDNS BadTypeInNameException:  (service_type=_services._dns-sd._udp.local., name=_frameo._tcp.local.)
2026-01-30 23:10:35,127 [DEBUG] mDNS BadTypeInNameException:  (service_type=_services._dns-sd._udp.local., name=_frameo._tcp.local.)
[DEBUG] AutoSensorDiscovery: mDNS BadTypeInNameException:  (service_type=_services._dns-sd._udp.local., name=_workstation._tcp.local.)
2026-01-30 23:10:35,127 [DEBUG] mDNS BadTypeInNameException:  (service_type=_services._dns-sd._udp.local., name=_workstation._tcp.local.)
[DEBUG] AutoSensorDiscovery: mDNS BadTypeInNameException:  (service_type=_services._dns-sd._udp.local., name=_amzn-alexa._tcp.local.)
2026-01-30 23:10:35,127 [DEBUG] mDNS BadTypeInNameException:  (service_type=_services._dns-sd._udp.local., name=_amzn-alexa._tcp.local.)
2026-01-30 23:10:35,996 [WARNING] [ET_SELECTOR] T=True HR=True V=True R=True P=False
2026-01-30 23:10:35,996 [WARNING] [ET_SELECTOR] \u2192 Usando f¾rmula INTERMEDIA (Penman-Monteith sin presi¾n, 75%)
2026-01-30 23:10:36,002 [WARNING] [ST_DEBUG] t=13.0 h=76.0 v=2.5027777777777778 rad=0.0 lat=41.5513 lon=2.3998 alt=96.0 dt=2026-01-30 22:10:36.002405 | HeatIndex=27.964888379555582 | Humedad=REAL
2026-01-30 23:10:36,003 [WARNING] Fallback aplicado a presion_atmosferica: None \u2192 1013.25 (ISA)
2026-01-30 23:10:36,003 [WARNING] [AUDITOR═A UTCI] v_calle (1.1m suelo): 1.485 m/s | v_sensor (1.1m terraza): 1.391 m/s | viento_m_s: 2.503 m/s | altura_sensor_sobre_suelo: 13.0 | altura_mastil: 13.0
2026-01-30 23:10:36,003 [WARNING] [ST_DEBUG] \u2713 UTCI Calle: 10.7░C | UTCI Sensor: 10.8░C | Steadman: 8.064398721405745░C
2026-01-30 23:10:36,004 [WARNING] Fallback aplicado a presion_atmosferica: None \u2192 1013.25 (ISA)
2026-01-30 23:10:36,004 [WARNING] [AUDITOR═A UTCI] v_calle (1.1m suelo): 1.294 m/s | v_sensor (1.1m terraza): 1.212 m/s | viento_m_s: 2.180 m/s | altura_sensor_sobre_suelo: 13.0 | altura_mastil: 13.0
2026-01-30 23:10:36,005 [WARNING] [CALIBRACION] IA Ligera aplicada: factor de correcci¾n dinßmico [0.002] | VPD=0.36kPa T=13.0░C HR=76.0% | PM_crudo=63.0 \u2192 PM_corr=0.1
2026-01-30 23:10:36,005 [WARNING] [ET_SELECTOR] T=True HR=True V=True R=True P=False
2026-01-30 23:10:36,006 [WARNING] [ET_SELECTOR] \u2192 Usando f¾rmula INTERMEDIA (Penman-Monteith sin presi¾n, 75%)
2026-01-30 23:10:36,286 [INFO] Saturaci¾n en 'dinamica_atmosferica.cape.lfc_m' | tipo=generico | valor\u2192999.0
2026-01-30 23:10:36,287 [INFO] Saturaci¾n en 'dinamica_atmosferica.cape.el_m' | tipo=generico | valor\u2192999.0
2026-01-30 23:10:36,321 [INFO] Saturaci¾n en 'dinamica_atmosferica.niebla_gultepe.visibilidad_m' | tipo=generico | valor\u2192999.0
[Ecowitt] Datos recibidos en puerto desconocido:
  PASSKEY: 979DFF1BC20666D72CD2FC0290AE1832
  stationtype: EasyWeatherV1.7.4
  dateutc: 2026-01-30 22:10:35
  tempinf: 60.6
  humidityin: 75
  baromrelin: 29.723
  baromabsin: 29.368
  tempf: 55.4
  humidity: 76
  winddir: 318
  winddir_avg10m: 23
  windspeedmph: 5.6
  windspdmph_avg10m: 3.4
  windgustmph: 6.9
  maxdailygust: 30.9
  rainratein: 0.000
  eventrainin: 0.020
  hourlyrainin: 0.008
  last24hrainin: 0.020
  dailyrainin: 0.020
  weeklyrainin: 0.150
  monthlyrainin: 4.937
  yearlyrainin: 32.551
  solarradiation: 0.00
  uv: 0
  soilmoisture1: 52
  soilad1: 253
  pm25_ch1: 63.0
  pm25_avg_24h_ch1: 141.7
  lightning_num: 0
  lightning_time: 1769363721
  lightning: 34
  vpd: 0.106
  wh65batt: 0
  wh25batt: 0
  soilbatt1: 1.4
  pm25batt1: 5
  wh57batt: 3
  freq: 868M
  model: HP2550A_Pro_V2.0.9
  lightning: 34
  lightning_num: 0
  lightning_time: 1769363721
[AUDITOR═A UTCI] v_calle (1.1m suelo): 1.485 m/s | v_sensor (1.1m terraza): 1.391 m/s | viento_m_s: 2.503 m/s | altura_sensor_sobre_suelo: 13.0 | altura_mastil: 13.0
[AUDITOR═A UTCI] v_calle (1.1m suelo): 1.294 m/s | v_sensor (1.1m terraza): 1.212 m/s | viento_m_s: 2.180 m/s | altura_sensor_sobre_suelo: 13.0 | altura_mastil: 13.0
INFO:     192.168.0.20:1657 - "POST /ecowitt HTTP/1.1" 200 OK
[WARNING] AutoSensorDiscovery: MQTT no disponible en 127.0.0.1:8883: [WinError 10061] No se puede establecer una conexi¾n ya que el equipo de destino deneg¾ expresamente dicha conexi¾n
2026-01-30 23:10:36,702 [WARNING] MQTT no disponible en 127.0.0.1:8883: [WinError 10061] No se puede establecer una conexi¾n ya que el equipo de destino deneg¾ expresamente dicha conexi¾n
[WARNING] AutoSensorDiscovery: MQTT no disponible en 127.0.0.1:8883: [WinError 10061] No se puede establecer una conexi¾n ya que el equipo de destino deneg¾ expresamente dicha conexi¾n
2026-01-30 23:10:43,732 [WARNING] MQTT no disponible en 127.0.0.1:8883: [WinError 10061] No se puede establecer una conexi¾n ya que el equipo de destino deneg¾ expresamente dicha conexi¾n
2026-01-30 23:10:52,102 [WARNING] [ET_SELECTOR] T=True HR=True V=True R=True P=False
2026-01-30 23:10:52,102 [WARNING] [ET_SELECTOR] \u2192 Usando f¾rmula INTERMEDIA (Penman-Monteith sin presi¾n, 75%)
2026-01-30 23:10:52,103 [WARNING] [ST_DEBUG] t=13.0 h=76.0 v=2.280555555555556 rad=0.0 lat=41.5513 lon=2.3998 alt=96.0 dt=2026-01-30 22:10:52.103899 | HeatIndex=27.964888379555582 | Humedad=REAL
2026-01-30 23:10:52,104 [WARNING] Fallback aplicado a presion_atmosferica: None \u2192 1013.25 (ISA)
2026-01-30 23:10:52,104 [WARNING] [AUDITOR═A UTCI] v_calle (1.1m suelo): 1.353 m/s | v_sensor (1.1m terraza): 1.268 m/s | viento_m_s: 2.281 m/s | altura_sensor_sobre_suelo: 13.0 | altura_mastil: 13.0
2026-01-30 23:10:52,104 [WARNING] [ST_DEBUG] \u2713 UTCI Calle: 10.8░C | UTCI Sensor: 10.8░C | Steadman: 8.209101563783005░C
2026-01-30 23:10:52,104 [WARNING] Fallback aplicado a presion_atmosferica: None \u2192 1013.25 (ISA)
2026-01-30 23:10:52,104 [WARNING] [AUDITOR═A UTCI] v_calle (1.1m suelo): 1.179 m/s | v_sensor (1.1m terraza): 1.104 m/s | viento_m_s: 1.987 m/s | altura_sensor_sobre_suelo: 13.0 | altura_mastil: 13.0
2026-01-30 23:10:52,105 [WARNING] [ET_SELECTOR] T=True HR=True V=True R=True P=False
2026-01-30 23:10:52,105 [WARNING] [ET_SELECTOR] \u2192 Usando f¾rmula INTERMEDIA (Penman-Monteith sin presi¾n, 75%)
2026-01-30 23:10:52,106 [WARNING] [CALIBRACION] IA Ligera aplicada: factor de correcci¾n dinßmico [0.000] | VPD=0.36kPa T=13.0░C HR=76.0% | PM_crudo=63.0 \u2192 PM_corr=0.0
2026-01-30 23:10:52,106 [WARNING] [ET_SELECTOR] T=True HR=True V=True R=True P=False
2026-01-30 23:10:52,106 [WARNING] [ET_SELECTOR] \u2192 Usando f¾rmula INTERMEDIA (Penman-Monteith sin presi¾n, 75%)
2026-01-30 23:10:52,396 [INFO] Saturaci¾n en 'dinamica_atmosferica.cape.lfc_m' | tipo=generico | valor\u2192999.0
2026-01-30 23:10:52,397 [INFO] Saturaci¾n en 'dinamica_atmosferica.cape.el_m' | tipo=generico | valor\u2192999.0
2026-01-30 23:10:52,430 [INFO] Saturaci¾n en 'dinamica_atmosferica.niebla_gultepe.visibilidad_m' | tipo=generico | valor\u2192999.0
[Ecowitt] Datos recibidos en puerto desconocido:
  PASSKEY: 979DFF1BC20666D72CD2FC0290AE1832
  stationtype: EasyWeatherV1.7.4
  dateutc: 2026-01-30 22:10:51
  tempinf: 60.6
  humidityin: 75
  baromrelin: 29.723
  baromabsin: 29.368
  tempf: 55.4
  humidity: 76
  winddir: 78
  winddir_avg10m: 23
  windspeedmph: 5.1
  windspdmph_avg10m: 3.4
  windgustmph: 6.9
  maxdailygust: 30.9
  rainratein: 0.000
  eventrainin: 0.020
  hourlyrainin: 0.008
  last24hrainin: 0.020
  dailyrainin: 0.020
  weeklyrainin: 0.150
  monthlyrainin: 4.937
  yearlyrainin: 32.551
  solarradiation: 0.00
  uv: 0
  soilmoisture1: 52
  soilad1: 253
  pm25_ch1: 63.0
  pm25_avg_24h_ch1: 141.7
  lightning_num: 0
  lightning_time: 1769363721
  lightning: 34
  vpd: 0.106
  wh65batt: 0
  wh25batt: 0
  soilbatt1: 1.4
  pm25batt1: 5
  wh57batt: 3
  freq: 868M
  model: HP2550A_Pro_V2.0.9
  lightning: 34
  lightning_num: 0
  lightning_time: 1769363721
[AUDITOR═A UTCI] v_calle (1.1m suelo): 1.353 m/s | v_sensor (1.1m terraza): 1.268 m/s | viento_m_s: 2.281 m/s | altura_sensor_sobre_suelo: 13.0 | altura_mastil: 13.0
[AUDITOR═A UTCI] v_calle (1.1m suelo): 1.179 m/s | v_sensor (1.1m terraza): 1.104 m/s | viento_m_s: 1.987 m/s | altura_sensor_sobre_suelo: 13.0 | altura_mastil: 13.0
INFO:     192.168.0.20:37339 - "POST /ecowitt HTTP/1.1" 200 OK
