[2026-01-31 13:46:13] PID=15900 | cmd.exe | CMD=C:\WINDOWS\system32\cmd.exe /d /s /c ""C:/Program Files/Avast Software/AntiTrack/x86/ATNMHost.exe" chrome-extension://ppdidpcihajhihmghhhkfnpklgdehold/ --parent-window=0" < \\.\pipe\chrome.nativeMessaging.in.7be42e47af1426cb > \\.\pipe\chrome.nativeMessaging.out.7be42e47af1426cb | ParentPID=4204
[2026-01-31 13:46:13] PID=5164 | pwsh.exe | CMD="C:\Program Files\PowerShell\7\pwsh.exe" -noexit -command "try { . \"c:\Users\kioko\AppData\Local\Programs\Microsoft VS Code\resources\app\out\vs\workbench\contrib\terminal\common\scripts\shellIntegration.ps1\" } catch {}" | ParentPID=18856
[2026-01-31 13:46:13] PID=2644 | pwsh.exe | CMD="C:\Program Files\PowerShell\7\pwsh.exe" -noexit -command "try { . \"c:\Users\kioko\AppData\Local\Programs\Microsoft VS Code\resources\app\out\vs\workbench\contrib\terminal\common\scripts\shellIntegration.ps1\" } catch {}" | ParentPID=18856
[2026-01-31 13:46:13] PID=18912 | pwsh.exe | CMD="C:\Program Files\PowerShell\7\pwsh.exe" -NoProfile -ExecutionPolicy Bypass -Command "Import-Module 'c:\Users\kioko\.vscode\extensions\ms-vscode.powershell-2025.4.0\modules\PowerShellEditorServices\PowerShellEditorServices.psd1'; Start-EditorServices -HostName 'Visual Studio Code Host' -HostProfileId 'Microsoft.VSCode' -HostVersion '2025.4.0' -BundledModulesPath 'c:\Users\kioko\.vscode\extensions\ms-vscode.powershell-2025.4.0\modules' -EnableConsoleRepl -StartupBanner \"PowerShell Extension v2025.4.0
Copyright (c) Microsoft Corporation.

https://aka.ms/vscode-powershell
Type 'help' to get help.
\" -LogLevel 'Warning' -LogPath 'c:\Users\kioko\AppData\Roaming\Code\logs\20260131T133719\window1\exthost\ms-vscode.powershell' -SessionDetailsPath 'c:\Users\kioko\AppData\Roaming\Code\User\globalStorage\ms-vscode.powershell\sessions\PSES-VSCode-3952-856779.json' -FeatureFlags @() " | ParentPID=18856
[2026-01-31 13:46:13] PID=21268 | pwsh.exe | CMD="C:\Program Files\PowerShell\7\pwsh.exe" -noexit -command "try { . \"c:\Users\kioko\AppData\Local\Programs\Microsoft VS Code\resources\app\out\vs\workbench\contrib\terminal\common\scripts\shellIntegration.ps1\" } catch {}" | ParentPID=18856
[2026-01-31 13:46:13] PID=9156 | powershell.exe | CMD="C:\Windows\System32\WindowsPowerShell\v1.0\powershell.exe" -Version 5.1 -s -NoLogo -NoProfile | ParentPID=21268
[2026-01-31 13:46:14] PID=3232 | powershell.exe | CMD="C:\Windows\System32\WindowsPowerShell\v1.0\powershell.exe" -Version 5.1 -s -NoLogo -NoProfile | ParentPID=18912
[2026-01-31 13:46:14] PID=22256 | pwsh.exe | CMD="C:\Program Files\PowerShell\7\pwsh.exe" -noexit -command "try { . \"c:\Users\kioko\AppData\Local\Programs\Microsoft VS Code\resources\app\out\vs\workbench\contrib\terminal\common\scripts\shellIntegration.ps1\" } catch {}" | ParentPID=18856
[2026-01-31 13:46:14] PID=21508 | powershell.exe | CMD="C:\Windows\System32\WindowsPowerShell\v1.0\powershell.exe" -Version 5.1 -s -NoLogo -NoProfile | ParentPID=22256
[2026-01-31 13:48:07] PID=12836 | powershell.exe | CMD= | ParentPID=2328
[2026-01-31 13:48:17] PID=6560 | python.exe | CMD=python -I c:\Users\kioko\.vscode\extensions\ms-python.vscode-pylance-2025.10.4\dist\bundled\files\get_pytest_options.py | ParentPID=13000
[2026-01-31 13:48:17] PID=12632 | python.exe | CMD=python -I c:\Users\kioko\.vscode\extensions\ms-python.vscode-pylance-2025.10.4\dist\bundled\files\get_pytest_options.py | ParentPID=13000
[2026-01-31 13:48:17] PID=2920 | python.exe | CMD=python -c "import os, os.path, sys; normalize = lambda p: os.path.normcase(os.path.normpath(p)); cwd = normalize(os.getcwd()); orig_sys_path = [p for p in sys.path if p != \"\"]; sys.path[:] = [p for p in sys.path if p != \"\" and normalize(p) != cwd]; import sys, json; json.dump(dict(path=orig_sys_path, prefix=sys.prefix), sys.stdout)" | ParentPID=13000
[2026-01-31 13:48:37] PID=21820 | python.exe | CMD= | ParentPID=13000
[2026-01-31 13:48:37] PID=21912 | python.exe | CMD= | ParentPID=21820
[2026-01-31 13:48:56] PID=14148 | powershell.exe | CMD= | ParentPID=2328
[2026-01-31 13:49:04] PID=10092 | python.exe | CMD=c:\Users\kioko\Desktop\MeteoSerV3\.venv\Scripts\python.exe -c "import os, os.path, sys; normalize = lambda p: os.path.normcase(os.path.normpath(p)); cwd = normalize(os.getcwd()); orig_sys_path = [p for p in sys.path if p != \"\"]; sys.path[:] = [p for p in sys.path if p != \"\" and normalize(p) != cwd]; import sys, json; json.dump(dict(path=orig_sys_path, prefix=sys.prefix), sys.stdout)" | ParentPID=13000
[2026-01-31 13:49:04] PID=15392 | python.exe | CMD=c:\Users\kioko\Desktop\MeteoSerV3\.venv\Scripts\python.exe -c "import os, os.path, sys; normalize = lambda p: os.path.normcase(os.path.normpath(p)); cwd = normalize(os.getcwd()); orig_sys_path = [p for p in sys.path if p != \"\"]; sys.path[:] = [p for p in sys.path if p != \"\" and normalize(p) != cwd]; import sys, json; json.dump(dict(path=orig_sys_path, prefix=sys.prefix), sys.stdout)" | ParentPID=10092
[2026-01-31 13:49:07] PID=18200 | powershell.exe | CMD= | ParentPID=2328
