[2026-02-01 22:03:17,153] INFO: ======================================================================
[2026-02-01 22:03:17,154] INFO: INICIANDO VALIDACIÓN DE METROLOGÍA
[2026-02-01 22:03:17,154] INFO: ======================================================================
[2026-02-01 22:03:17,154] INFO: [METROLOGÍA] Aire Real detectado. Factor Z = 0.999996
[2026-02-01 22:03:17,154] INFO: [METROLOGÍA] Desviación del gas ideal: 0.0004%
[2026-02-01 22:03:17,155] INFO: [METROLOGÍA] Densidad real: 1.2173 kg/m³
[2026-02-01 22:03:17,155] INFO: [METROLOGÍA] Densidad ideal: 1.2173 kg/m³
[2026-02-01 22:03:17,155] INFO: [METROLOGÍA] Diferencia: 0.000005 kg/m³
[2026-02-01 22:03:17,155] INFO: [METROLOGÍA] Presión: 1019.1 hPa | Temperatura: 18.5°C
[2026-02-01 22:03:17,156] INFO: ======================================================================
[2026-02-01 22:03:17,156] INFO: COMPARACIÓN: FACTOR Z INTERIOR vs EXTERIOR
[2026-02-01 22:03:17,156] INFO: ======================================================================
[2026-02-01 22:03:17,156] INFO: [INTERIOR] Presión: 1019.5 hPa | Temp: 22.0°C
[2026-02-01 22:03:17,156] INFO: [INTERIOR] Factor Z: 0.999996 | Densidad: 1.2033 kg/m³
[2026-02-01 22:03:17,157] INFO: 
[2026-02-01 22:03:17,157] INFO: [EXTERIOR] Presión: 1019.1 hPa | Temp: 18.5°C
[2026-02-01 22:03:17,157] INFO: [EXTERIOR] Factor Z: 0.999996 | Densidad: 1.2173 kg/m³
[2026-02-01 22:03:17,157] INFO: 
[2026-02-01 22:03:17,174] INFO: [FÍSICA] La densidad del aire cambia 13.96 g/m³ entre ambientes
[2026-02-01 22:03:17,175] INFO: ======================================================================
[2026-02-01 22:03:17,175] INFO: CALIBRANDO BRÚJULA TÁCTICA - ÁNGULO DE EKMAN
[2026-02-01 22:03:17,175] INFO: ======================================================================
[2026-02-01 22:03:17,176] INFO: [EKMAN] Rugosidad de terreno Argentona: 0.150
[2026-02-01 22:03:17,176] INFO: [EKMAN] Velocidad de viento: 5.2 m/s
[2026-02-01 22:03:17,176] INFO: [EKMAN] Ángulo de Inflow calculado: 22.5°
[2026-02-01 22:03:17,176] INFO: [EKMAN] La Brújula Táctica corregirá 22.5° por fricción del terreno
[2026-02-01 22:03:17,177] INFO: ======================================================================
[2026-02-01 22:03:17,177] INFO: VERIFICANDO INTEGRIDAD SHA256
[2026-02-01 22:03:17,177] INFO: ======================================================================
[2026-02-01 22:03:17,177] WARNING: [SHA256] core/elite_motors_v25.py: ARCHIVO NO ENCONTRADO
[2026-02-01 22:03:17,177] WARNING: [SHA256] core/bucholtz_rayleigh_v25.py: ARCHIVO NO ENCONTRADO
[2026-02-01 22:03:17,177] WARNING: [SHA256] core/vector_aproximacion_v26.py: ARCHIVO NO ENCONTRADO
[2026-02-01 22:03:17,177] WARNING: [SHA256] core/integracion_elite_motors_v25.py: ARCHIVO NO ENCONTRADO
[2026-02-01 22:03:17,178] INFO: [SHA256] core/correccion_geofisica_v26.py: e37917f28c5f70e6...
[2026-02-01 22:03:17,192] INFO: 
[2026-02-01 22:03:17,192] INFO: Timestamp: 2026-02-01T22:03:17.192863
[2026-02-01 22:03:17,192] INFO: 
[2026-02-01 22:03:17,193] INFO: ======================================================================
[2026-02-01 22:03:17,193] INFO: INICIANDO VALIDACIÓN DE METROLOGÍA
[2026-02-01 22:03:17,193] INFO: ======================================================================
[2026-02-01 22:03:17,193] INFO: [METROLOGÍA] Aire Real detectado. Factor Z = 0.999996
[2026-02-01 22:03:17,193] INFO: [METROLOGÍA] Desviación del gas ideal: 0.0004%
[2026-02-01 22:03:17,193] INFO: [METROLOGÍA] Densidad real: 1.2173 kg/m³
[2026-02-01 22:03:17,193] INFO: [METROLOGÍA] Densidad ideal: 1.2173 kg/m³
[2026-02-01 22:03:17,193] INFO: [METROLOGÍA] Diferencia: 0.000005 kg/m³
[2026-02-01 22:03:17,193] INFO: [METROLOGÍA] Presión: 1019.1 hPa | Temperatura: 18.5°C
[2026-02-01 22:03:17,193] INFO: 
[2026-02-01 22:03:17,194] INFO: ======================================================================
[2026-02-01 22:03:17,194] INFO: CALIBRANDO BRÚJULA TÁCTICA - ÁNGULO DE EKMAN
[2026-02-01 22:03:17,194] INFO: ======================================================================
[2026-02-01 22:03:17,194] INFO: [EKMAN] Rugosidad de terreno Argentona: 0.150
[2026-02-01 22:03:17,194] INFO: [EKMAN] Velocidad de viento: 5.2 m/s
[2026-02-01 22:03:17,194] INFO: [EKMAN] Ángulo de Inflow calculado: 22.5°
[2026-02-01 22:03:17,194] INFO: [EKMAN] La Brújula Táctica corregirá 22.5° por fricción del terreno
[2026-02-01 22:03:17,194] INFO: 
[2026-02-01 22:03:17,194] INFO: ======================================================================
[2026-02-01 22:03:17,194] INFO: VERIFICANDO INTEGRIDAD SHA256
[2026-02-01 22:03:17,195] INFO: ======================================================================
[2026-02-01 22:03:17,195] WARNING: [SHA256] core/elite_motors_v25.py: ARCHIVO NO ENCONTRADO
[2026-02-01 22:03:17,195] WARNING: [SHA256] core/bucholtz_rayleigh_v25.py: ARCHIVO NO ENCONTRADO
[2026-02-01 22:03:17,195] WARNING: [SHA256] core/vector_aproximacion_v26.py: ARCHIVO NO ENCONTRADO
[2026-02-01 22:03:17,195] WARNING: [SHA256] core/integracion_elite_motors_v25.py: ARCHIVO NO ENCONTRADO
[2026-02-01 22:03:17,196] INFO: [SHA256] core/correccion_geofisica_v26.py: e37917f28c5f70e6...
[2026-02-01 22:03:17,199] INFO: 
[2026-02-01 22:03:17,199] INFO: ======================================================================
[2026-02-01 22:03:17,200] INFO: LIMPIANDO RASTROS DE DEPURACIÓN
[2026-02-01 22:03:17,200] INFO: ======================================================================
[2026-02-01 22:03:17,204] INFO: 
[2026-02-01 22:09:05,725] INFO: ======================================================================
[2026-02-01 22:09:05,725] INFO: INICIANDO VALIDACIÓN DE METROLOGÍA
[2026-02-01 22:09:05,725] INFO: ======================================================================
[2026-02-01 22:09:05,725] INFO: [METROLOGÍA] Aire Real detectado. Factor Z = 0.999996
[2026-02-01 22:09:05,725] INFO: [METROLOGÍA] Desviación del gas ideal: 0.0004%
[2026-02-01 22:09:05,725] INFO: [METROLOGÍA] Densidad real: 1.2173 kg/m³
[2026-02-01 22:09:05,726] INFO: [METROLOGÍA] Densidad ideal: 1.2173 kg/m³
[2026-02-01 22:09:05,726] INFO: [METROLOGÍA] Diferencia: 0.000005 kg/m³
[2026-02-01 22:09:05,726] INFO: [METROLOGÍA] Presión: 1019.1 hPa | Temperatura: 18.5°C
[2026-02-01 22:09:05,727] INFO: ======================================================================
[2026-02-01 22:09:05,727] INFO: COMPARACIÓN: FACTOR Z INTERIOR vs EXTERIOR
[2026-02-01 22:09:05,727] INFO: ======================================================================
[2026-02-01 22:09:05,727] INFO: [INTERIOR] Presión: 1019.5 hPa | Temp: 22.0°C
[2026-02-01 22:09:05,727] INFO: [INTERIOR] Factor Z: 0.999996 | Densidad: 1.2033 kg/m³
[2026-02-01 22:09:05,727] INFO: 
[2026-02-01 22:09:05,728] INFO: [EXTERIOR] Presión: 1019.1 hPa | Temp: 18.5°C
[2026-02-01 22:09:05,728] INFO: [EXTERIOR] Factor Z: 0.999996 | Densidad: 1.2173 kg/m³
[2026-02-01 22:09:05,728] INFO: 
[2026-02-01 22:09:05,734] INFO: [FÍSICA] La densidad del aire cambia 13.96 g/m³ entre ambientes
[2026-02-01 22:09:05,735] INFO: ======================================================================
[2026-02-01 22:09:05,735] INFO: CALIBRANDO BRÚJULA TÁCTICA - ÁNGULO DE EKMAN
[2026-02-01 22:09:05,735] INFO: ======================================================================
[2026-02-01 22:09:05,735] INFO: [EKMAN] Rugosidad de terreno Argentona: 0.150
[2026-02-01 22:09:05,735] INFO: [EKMAN] Velocidad de viento: 5.2 m/s
[2026-02-01 22:09:05,735] INFO: [EKMAN] Ángulo de Inflow calculado: 22.5°
[2026-02-01 22:09:05,735] INFO: [EKMAN] La Brújula Táctica corregirá 22.5° por fricción del terreno
[2026-02-01 22:09:05,737] INFO: ======================================================================
[2026-02-01 22:09:05,737] INFO: VERIFICANDO INTEGRIDAD SHA256
[2026-02-01 22:09:05,738] INFO: ======================================================================
[2026-02-01 22:09:05,738] WARNING: [SHA256] core/elite_motors_v25.py: ARCHIVO NO ENCONTRADO
[2026-02-01 22:09:05,738] WARNING: [SHA256] core/bucholtz_rayleigh_v25.py: ARCHIVO NO ENCONTRADO
[2026-02-01 22:09:05,739] WARNING: [SHA256] core/vector_aproximacion_v26.py: ARCHIVO NO ENCONTRADO
[2026-02-01 22:09:05,739] WARNING: [SHA256] core/integracion_elite_motors_v25.py: ARCHIVO NO ENCONTRADO
[2026-02-01 22:09:05,740] INFO: [SHA256] core/correccion_geofisica_v26.py: e37917f28c5f70e6...
[2026-02-01 22:09:05,759] INFO: 
[2026-02-01 22:09:05,759] INFO: Timestamp: 2026-02-01T22:09:05.759821
[2026-02-01 22:09:05,759] INFO: 
[2026-02-01 22:09:05,760] INFO: ======================================================================
[2026-02-01 22:09:05,760] INFO: INICIANDO VALIDACIÓN DE METROLOGÍA
[2026-02-01 22:09:05,760] INFO: ======================================================================
[2026-02-01 22:09:05,760] INFO: [METROLOGÍA] Aire Real detectado. Factor Z = 0.999996
[2026-02-01 22:09:05,760] INFO: [METROLOGÍA] Desviación del gas ideal: 0.0004%
[2026-02-01 22:09:05,760] INFO: [METROLOGÍA] Densidad real: 1.2173 kg/m³
[2026-02-01 22:09:05,760] INFO: [METROLOGÍA] Densidad ideal: 1.2173 kg/m³
[2026-02-01 22:09:05,760] INFO: [METROLOGÍA] Diferencia: 0.000005 kg/m³
[2026-02-01 22:09:05,760] INFO: [METROLOGÍA] Presión: 1019.1 hPa | Temperatura: 18.5°C
[2026-02-01 22:09:05,760] INFO: 
[2026-02-01 22:09:05,760] INFO: ======================================================================
[2026-02-01 22:09:05,760] INFO: CALIBRANDO BRÚJULA TÁCTICA - ÁNGULO DE EKMAN
[2026-02-01 22:09:05,760] INFO: ======================================================================
[2026-02-01 22:09:05,761] INFO: [EKMAN] Rugosidad de terreno Argentona: 0.150
[2026-02-01 22:09:05,761] INFO: [EKMAN] Velocidad de viento: 5.2 m/s
[2026-02-01 22:09:05,761] INFO: [EKMAN] Ángulo de Inflow calculado: 22.5°
[2026-02-01 22:09:05,761] INFO: [EKMAN] La Brújula Táctica corregirá 22.5° por fricción del terreno
[2026-02-01 22:09:05,761] INFO: 
[2026-02-01 22:09:05,761] INFO: ======================================================================
[2026-02-01 22:09:05,761] INFO: VERIFICANDO INTEGRIDAD SHA256
[2026-02-01 22:09:05,761] INFO: ======================================================================
[2026-02-01 22:09:05,761] WARNING: [SHA256] core/elite_motors_v25.py: ARCHIVO NO ENCONTRADO
[2026-02-01 22:09:05,761] WARNING: [SHA256] core/bucholtz_rayleigh_v25.py: ARCHIVO NO ENCONTRADO
[2026-02-01 22:09:05,762] WARNING: [SHA256] core/vector_aproximacion_v26.py: ARCHIVO NO ENCONTRADO
[2026-02-01 22:09:05,762] WARNING: [SHA256] core/integracion_elite_motors_v25.py: ARCHIVO NO ENCONTRADO
[2026-02-01 22:09:05,762] INFO: [SHA256] core/correccion_geofisica_v26.py: e37917f28c5f70e6...
[2026-02-01 22:09:05,766] INFO: 
[2026-02-01 22:09:05,766] INFO: ======================================================================
[2026-02-01 22:09:05,766] INFO: LIMPIANDO RASTROS DE DEPURACIÓN
[2026-02-01 22:09:05,766] INFO: ======================================================================
[2026-02-01 22:09:05,770] INFO: 
[2026-02-01 22:13:40,868] INFO: 
[2026-02-01 22:13:40,869] INFO: Timestamp: 2026-02-01T22:13:40.869048
[2026-02-01 22:13:40,869] INFO: 
[2026-02-01 22:13:40,869] INFO: ======================================================================
[2026-02-01 22:13:40,870] INFO: INICIANDO VALIDACIÓN DE METROLOGÍA
[2026-02-01 22:13:40,870] INFO: ======================================================================
[2026-02-01 22:13:40,870] INFO: [METROLOGÍA] Aire Real detectado. Factor Z = 0.999996
[2026-02-01 22:13:40,870] INFO: [METROLOGÍA] Desviación del gas ideal: 0.0004%
[2026-02-01 22:13:40,870] INFO: [METROLOGÍA] Densidad real: 1.2173 kg/m³
[2026-02-01 22:13:40,871] INFO: [METROLOGÍA] Densidad ideal: 1.2173 kg/m³
[2026-02-01 22:13:40,871] INFO: [METROLOGÍA] Diferencia: 0.000005 kg/m³
[2026-02-01 22:13:40,871] INFO: [METROLOGÍA] Presión: 1019.1 hPa | Temperatura: 18.5°C
[2026-02-01 22:13:40,871] INFO: 
[2026-02-01 22:13:40,871] INFO: ======================================================================
[2026-02-01 22:13:40,871] INFO: CALIBRANDO BRÚJULA TÁCTICA - ÁNGULO DE EKMAN
[2026-02-01 22:13:40,871] INFO: ======================================================================
[2026-02-01 22:13:40,871] INFO: [EKMAN] Rugosidad de terreno Argentona: 0.150
[2026-02-01 22:13:40,871] INFO: [EKMAN] Velocidad de viento: 5.2 m/s
[2026-02-01 22:13:40,871] INFO: [EKMAN] Ángulo de Inflow calculado: 22.5°
[2026-02-01 22:13:40,871] INFO: [EKMAN] La Brújula Táctica corregirá 22.5° por fricción del terreno
[2026-02-01 22:13:40,871] INFO: 
[2026-02-01 22:13:40,871] INFO: ======================================================================
[2026-02-01 22:13:40,871] INFO: VERIFICANDO INTEGRIDAD SHA256
[2026-02-01 22:13:40,872] INFO: ======================================================================
[2026-02-01 22:13:40,872] WARNING: [SHA256] core/elite_motors_v25.py: ARCHIVO NO ENCONTRADO
[2026-02-01 22:13:40,872] WARNING: [SHA256] core/bucholtz_rayleigh_v25.py: ARCHIVO NO ENCONTRADO
[2026-02-01 22:13:40,872] WARNING: [SHA256] core/vector_aproximacion_v26.py: ARCHIVO NO ENCONTRADO
[2026-02-01 22:13:40,872] WARNING: [SHA256] core/integracion_elite_motors_v25.py: ARCHIVO NO ENCONTRADO
[2026-02-01 22:13:40,873] INFO: [SHA256] core/correccion_geofisica_v26.py: e37917f28c5f70e6...
[2026-02-01 22:13:40,874] INFO: 
[2026-02-01 22:13:40,874] INFO: ======================================================================
[2026-02-01 22:13:40,874] INFO: LIMPIANDO RASTROS DE DEPURACIÓN
[2026-02-01 22:13:40,874] INFO: ======================================================================
[2026-02-01 22:13:40,875] INFO: 
