
================================================================================
SELLO DE PATRULLA OPERACIONAL V24.0
================================================================================
Timestamp: 2026-02-03T18:24:34.461007
Fecha: 03 de February de 2026, 18:24:34

ESTADO: OPERACIONAL - IGNICION ETERNA
MODO: SILENCIO DE COMBATE - Vigilancia Pasiva 24/7

CERTIFICACIONES:
- Precisión Total IEEE754: CERTIFICADA
- Protocolo 6 Fases: VALIDADO
- Demo sin MQTT: EJECUTADA CON EXITO
- Scripts operacionales: DEPLOYADOS
- Documentación: COMPLETA (8 secciones)
- Piedra Angular: ARCHIVADA
- SHA256 Piedra Angular: cb861bebb60ba1437abc8213b5ff9e88b9b38fb74ad85d44bf6f73554d4f0e34

ARCHIVOS CRITICOS:
- INDICE_MAESTRO_PROTOCOLO.md (actualizado)
- CERTIFICADO_PATRULLA_V24.txt (generado)
- MONITOR_PATRULLA_24H.py (creado)
- LANZAR_PATRULLA.bat (listo para MQTT)

PROXIMO PASO:
En cuanto el MQTT de la HP2550A lata, ejecutar:
> LANZAR_PATRULLA.bat

COMANDANTE: Soberanía Tecnológica Certificada
MISION: CUMPLIDA

¡VIVA LA PRECISION! ¡ACORAZADO ARGENTONA EN PATRULLA!

================================================================================
